Category: 📺央视频道, Name: CCTV-2, Total: 8, Valid: 8, Valid Percent: 100.00%, Whitelist: 0, IPv4: 8, IPv6: 0, Min Delay: 270 ms, Max Speed: 14.31 M/s, Avg Speed: 7.52 M/s, Max Resolution: 1280x720
Category: 📺央视频道, Name: CCTV-3, Total: 8, Valid: 8, Valid Percent: 100.00%, Whitelist: 0, IPv4: 8, IPv6: 0, Min Delay: 270 ms, Max Speed: 14.31 M/s, Avg Speed: 6.82 M/s, Max Resolution: 1920x1080
Category: 📺央视频道, Name: CCTV-4, Total: 14, Valid: 14, Valid Percent: 100.00%, Whitelist: 0, IPv4: 14, IPv6: 0, Min Delay: 76 ms, Max Speed: 68.63 M/s, Avg Speed: 34.33 M/s, Max Resolution: 1920x1080
Category: 📺央视频道, Name: CCTV-5, Total: 25, Valid: 25, Valid Percent: 100.00%, Whitelist: 0, IPv4: 25, IPv6: 0, Min Delay: 76 ms, Max Speed: 68.63 M/s, Avg Speed: 18.21 M/s, Max Resolution: 1920x1080
Category: 📺央视频道, Name: CCTV-5+, Total: 6, Valid: 6, Valid Percent: 100.00%, Whitelist: 0, IPv4: 6, IPv6: 0, Min Delay: 239 ms, Max Speed: 14.31 M/s, Avg Speed: 5.93 M/s, Max Resolution: 1280x720
Category: 📺央视频道, Name: CCTV-6, Total: 18, Valid: 18, Valid Percent: 100.00%, Whitelist: 0, IPv4: 18, IPv6: 0, Min Delay: 76 ms, Max Speed: 68.63 M/s, Avg Speed: 30.32 M/s, Max Resolution: 1920x1080
Category: 📺央视频道, Name: CCTV-7, Total: 17, Valid: 17, Valid Percent: 100.00%, Whitelist: 0, IPv4: 17, IPv6: 0, Min Delay: 76 ms, Max Speed: 68.63 M/s, Avg Speed: 31.86 M/s, Max Resolution: 1920x1080
Category: 📺央视频道, Name: CCTV-8, Total: 25, Valid: 25, Valid Percent: 100.00%, Whitelist: 0, IPv4: 25, IPv6: 0, Min Delay: 76 ms, Max Speed: 68.63 M/s, Avg Speed: 21.20 M/s, Max Resolution: 1920x1080
Category: 📺央视频道, Name: CCTV-9, Total: 22, Valid: 22, Valid Percent: 100.00%, Whitelist: 0, IPv4: 22, IPv6: 0, Min Delay: 76 ms, Max Speed: 68.63 M/s, Avg Speed: 24.99 M/s, Max Resolution: 1920x1080
Category: 📺央视频道, Name: CCTV-10, Total: 25, Valid: 25, Valid Percent: 100.00%, Whitelist: 0, IPv4: 25, IPv6: 0, Min Delay: 76 ms, Max Speed: 68.63 M/s, Avg Speed: 22.18 M/s, Max Resolution: 1920x1080
Category: 📺央视频道, Name: CCTV-11, Total: 19, Valid: 19, Valid Percent: 100.00%, Whitelist: 0, IPv4: 19, IPv6: 0, Min Delay: 76 ms, Max Speed: 68.63 M/s, Avg Speed: 25.45 M/s, Max Resolution: 1920x1080
Category: 📺央视频道, Name: CCTV-12, Total: 20, Valid: 20, Valid Percent: 100.00%, Whitelist: 0, IPv4: 20, IPv6: 0, Min Delay: 76 ms, Max Speed: 68.63 M/s, Avg Speed: 27.61 M/s, Max Resolution: 1920x1080
Category: 📺央视频道, Name: CCTV-13, Total: 18, Valid: 18, Valid Percent: 100.00%, Whitelist: 0, IPv4: 18, IPv6: 0, Min Delay: 76 ms, Max Speed: 68.63 M/s, Avg Speed: 29.96 M/s, Max Resolution: 1920x1080
Category: 📺央视频道, Name: CCTV-14, Total: 24, Valid: 24, Valid Percent: 100.00%, Whitelist: 0, IPv4: 22, IPv6: 2, Min Delay: 76 ms, Max Speed: 68.63 M/s, Avg Speed: 23.53 M/s, Max Resolution: 1920x1080
Category: 📺央视频道, Name: CCTV-15, Total: 22, Valid: 22, Valid Percent: 100.00%, Whitelist: 0, IPv4: 22, IPv6: 0, Min Delay: 76 ms, Max Speed: 68.63 M/s, Avg Speed: 25.67 M/s, Max Resolution: 1920x1080
Category: 📺央视频道, Name: CCTV-16, Total: 18, Valid: 18, Valid Percent: 100.00%, Whitelist: 0, IPv4: 18, IPv6: 0, Min Delay: 76 ms, Max Speed: 68.63 M/s, Avg Speed: 19.80 M/s, Max Resolution: 1920x1080
Category: 📺央视频道, Name: CCTV-17, Total: 20, Valid: 20, Valid Percent: 100.00%, Whitelist: 0, IPv4: 20, IPv6: 0, Min Delay: 76 ms, Max Speed: 68.63 M/s, Avg Speed: 27.61 M/s, Max Resolution: 1920x1080
Category: 📡卫视频道, Name: 广东卫视, Total: 13, Valid: 13, Valid Percent: 100.00%, Whitelist: 0, IPv4: 13, IPv6: 0, Min Delay: 76 ms, Max Speed: 68.63 M/s, Avg Speed: 34.89 M/s, Max Resolution: 1920x1080
Category: 📡卫视频道, Name: 浙江卫视, Total: 18, Valid: 18, Valid Percent: 100.00%, Whitelist: 0, IPv4: 18, IPv6: 0, Min Delay: 76 ms, Max Speed: 68.63 M/s, Avg Speed: 26.02 M/s, Max Resolution: 1920x1080
Category: 📡卫视频道, Name: 湖南卫视, Total: 26, Valid: 26, Valid Percent: 100.00%, Whitelist: 0, IPv4: 26, IPv6: 0, Min Delay: 75 ms, Max Speed: 68.63 M/s, Avg Speed: 21.90 M/s, Max Resolution: 3840x2160
Category: 📡卫视频道, Name: 北京卫视, Total: 18, Valid: 18, Valid Percent: 100.00%, Whitelist: 0, IPv4: 18, IPv6: 0, Min Delay: 75 ms, Max Speed: 68.63 M/s, Avg Speed: 30.01 M/s, Max Resolution: 1920x1080
Category: 📡卫视频道, Name: 湖北卫视, Total: 16, Valid: 16, Valid Percent: 100.00%, Whitelist: 0, IPv4: 16, IPv6: 0, Min Delay: 75 ms, Max Speed: 68.63 M/s, Avg Speed: 33.37 M/s, Max Resolution: 1920x1080
Category: 📡卫视频道, Name: 黑龙江卫视, Total: 15, Valid: 15, Valid Percent: 100.00%, Whitelist: 0, IPv4: 15, IPv6: 0, Min Delay: 75 ms, Max Speed: 68.63 M/s, Avg Speed: 35.17 M/s, Max Resolution: 1920x1080
Category: 📡卫视频道, Name: 安徽卫视, Total: 16, Valid: 16, Valid Percent: 100.00%, Whitelist: 0, IPv4: 16, IPv6: 0, Min Delay: 76 ms, Max Speed: 68.63 M/s, Avg Speed: 33.43 M/s, Max Resolution: 1920x1080
Category: 📡卫视频道, Name: 重庆卫视, Total: 17, Valid: 17, Valid Percent: 100.00%, Whitelist: 0, IPv4: 17, IPv6: 0, Min Delay: 75 ms, Max Speed: 68.63 M/s, Avg Speed: 35.44 M/s, Max Resolution: 1920x1080
Category: 📡卫视频道, Name: 东方卫视, Total: 19, Valid: 19, Valid Percent: 100.00%, Whitelist: 0, IPv4: 19, IPv6: 0, Min Delay: 76 ms, Max Speed: 68.63 M/s, Avg Speed: 32.25 M/s, Max Resolution: 1920x1080
Category: 📡卫视频道, Name: 东南卫视, Total: 16, Valid: 16, Valid Percent: 100.00%, Whitelist: 0, IPv4: 16, IPv6: 0, Min Delay: 76 ms, Max Speed: 68.63 M/s, Avg Speed: 41.32 M/s, Max Resolution: 1920x1080
Category: 📡卫视频道, Name: 甘肃卫视, Total: 11, Valid: 11, Valid Percent: 100.00%, Whitelist: 0, IPv4: 11, IPv6: 0, Min Delay: 76 ms, Max Speed: 68.63 M/s, Avg Speed: 45.88 M/s, Max Resolution: 1920x1080
Category: 📡卫视频道, Name: 广西卫视, Total: 18, Valid: 17, Valid Percent: 94.44%, Whitelist: 0, IPv4: 16, IPv6: 2, Min Delay: 76 ms, Max Speed: 68.63 M/s, Avg Speed: 38.91 M/s, Max Resolution: 1920x1080
Category: 📡卫视频道, Name: 贵州卫视, Total: 17, Valid: 17, Valid Percent: 100.00%, Whitelist: 0, IPv4: 17, IPv6: 0, Min Delay: 76 ms, Max Speed: 68.63 M/s, Avg Speed: 43.06 M/s, Max Resolution: 1920x1080
Category: 📡卫视频道, Name: 海南卫视, Total: 11, Valid: 11, Valid Percent: 100.00%, Whitelist: 0, IPv4: 11, IPv6: 0, Min Delay: 75 ms, Max Speed: 68.63 M/s, Avg Speed: 44.76 M/s, Max Resolution: 1920x1080
Category: 📡卫视频道, Name: 河北卫视, Total: 22, Valid: 20, Valid Percent: 90.91%, Whitelist: 0, IPv4: 22, IPv6: 0, Min Delay: 75 ms, Max Speed: 68.63 M/s, Avg Speed: 33.47 M/s, Max Resolution: 1920x1080
Category: 📡卫视频道, Name: 河南卫视, Total: 20, Valid: 19, Valid Percent: 95.00%, Whitelist: 0, IPv4: 20, IPv6: 0, Min Delay: 76 ms, Max Speed: 68.63 M/s, Avg Speed: 38.99 M/s, Max Resolution: 1920x1080
Category: 📡卫视频道, Name: 吉林卫视, Total: 13, Valid: 13, Valid Percent: 100.00%, Whitelist: 0, IPv4: 13, IPv6: 0, Min Delay: 76 ms, Max Speed: 68.63 M/s, Avg Speed: 35.20 M/s, Max Resolution: 1920x1080
Category: 📡卫视频道, Name: 江苏卫视, Total: 20, Valid: 19, Valid Percent: 95.00%, Whitelist: 0, IPv4: 20, IPv6: 0, Min Delay: 76 ms, Max Speed: 68.63 M/s, Avg Speed: 28.65 M/s, Max Resolution: 1920x1080
Category: 📡卫视频道, Name: 江西卫视, Total: 15, Valid: 15, Valid Percent: 100.00%, Whitelist: 0, IPv4: 15, IPv6: 0, Min Delay: 75 ms, Max Speed: 68.63 M/s, Avg Speed: 35.17 M/s, Max Resolution: 1920x1080
Category: 📡卫视频道, Name: 辽宁卫视, Total: 17, Valid: 16, Valid Percent: 94.12%, Whitelist: 0, IPv4: 17, IPv6: 0, Min Delay: 76 ms, Max Speed: 68.63 M/s, Avg Speed: 37.57 M/s, Max Resolution: 1920x1080
Category: 📡卫视频道, Name: 内蒙古卫视, Total: 12, Valid: 12, Valid Percent: 100.00%, Whitelist: 0, IPv4: 12, IPv6: 0, Min Delay: 75 ms, Max Speed: 68.63 M/s, Avg Speed: 32.19 M/s, Max Resolution: 1920x1080
Category: 📡卫视频道, Name: 宁夏卫视, Total: 13, Valid: 13, Valid Percent: 100.00%, Whitelist: 0, IPv4: 13, IPv6: 0, Min Delay: 76 ms, Max Speed: 68.63 M/s, Avg Speed: 35.59 M/s, Max Resolution: 1920x1080
Category: 📡卫视频道, Name: 青海卫视, Total: 18, Valid: 18, Valid Percent: 100.00%, Whitelist: 0, IPv4: 16, IPv6: 2, Min Delay: 75 ms, Max Speed: 68.63 M/s, Avg Speed: 33.25 M/s, Max Resolution: 1920x1080
Category: 📡卫视频道, Name: 山东卫视, Total: 17, Valid: 17, Valid Percent: 100.00%, Whitelist: 0, IPv4: 17, IPv6: 0, Min Delay: 76 ms, Max Speed: 68.63 M/s, Avg Speed: 31.58 M/s, Max Resolution: 1920x1080
Category: 📡卫视频道, Name: 山西卫视, Total: 12, Valid: 12, Valid Percent: 100.00%, Whitelist: 0, IPv4: 12, IPv6: 0, Min Delay: 75 ms, Max Speed: 68.63 M/s, Avg Speed: 32.19 M/s, Max Resolution: 1920x1080
Category: 📡卫视频道, Name: 陕西卫视, Total: 12, Valid: 12, Valid Percent: 100.00%, Whitelist: 0, IPv4: 12, IPv6: 0, Min Delay: 75 ms, Max Speed: 68.63 M/s, Avg Speed: 21.61 M/s, Max Resolution: 1920x1080
Category: 📡卫视频道, Name: 四川卫视, Total: 18, Valid: 18, Valid Percent: 100.00%, Whitelist: 0, IPv4: 18, IPv6: 0, Min Delay: 75 ms, Max Speed: 68.63 M/s, Avg Speed: 40.75 M/s, Max Resolution: 1920x1080
Category: 📡卫视频道, Name: 深圳卫视, Total: 17, Valid: 16, Valid Percent: 94.12%, Whitelist: 0, IPv4: 17, IPv6: 0, Min Delay: 76 ms, Max Speed: 68.63 M/s, Avg Speed: 33.43 M/s, Max Resolution: 1920x1080
Category: 📡卫视频道, Name: 三沙卫视, Total: 11, Valid: 11, Valid Percent: 100.00%, Whitelist: 0, IPv4: 11, IPv6: 0, Min Delay: 76 ms, Max Speed: 68.63 M/s, Avg Speed: 40.79 M/s, Max Resolution: 1920x1080
Category: 📡卫视频道, Name: 天津卫视, Total: 17, Valid: 16, Valid Percent: 94.12%, Whitelist: 0, IPv4: 17, IPv6: 0, Min Delay: 76 ms, Max Speed: 68.63 M/s, Avg Speed: 28.74 M/s, Max Resolution: 1920x1080
Category: 📡卫视频道, Name: 西藏卫视, Total: 13, Valid: 13, Valid Percent: 100.00%, Whitelist: 0, IPv4: 11, IPv6: 2, Min Delay: 75 ms, Max Speed: 68.63 M/s, Avg Speed: 28.97 M/s, Max Resolution: 1920x1080
Category: 📡卫视频道, Name: 新疆卫视, Total: 16, Valid: 16, Valid Percent: 100.00%, Whitelist: 0, IPv4: 15, IPv6: 1, Min Delay: 75 ms, Max Speed: 68.63 M/s, Avg Speed: 24.44 M/s, Max Resolution: 1920x1080
Category: 📡卫视频道, Name: 云南卫视, Total: 18, Valid: 18, Valid Percent: 100.00%, Whitelist: 0, IPv4: 17, IPv6: 1, Min Delay: 76 ms, Max Speed: 68.63 M/s, Avg Speed: 36.92 M/s, Max Resolution: 1920x1080
